
> lstnr@1.0.0 test
> jest src/__tests__/PredictionDetail.test.tsx

FAIL src/__tests__/PredictionDetail.test.tsx
  PredictionDetailScreen Layout
    ✕ renders the chat card with strict styling (170 ms)
    ✕ renders the split holders view when Holders tab is active (4 ms)
    ✕ renders the chat tab with composer (4 ms)

  ● PredictionDetailScreen Layout › renders the chat card with strict styling

    Element type is invalid: expected a string (for built-in components) or a class/function (for composite components) but got: undefined. You likely forgot to export your component from the file it's defined in, or you might have mixed up default and named imports.

    Check the render method of `PredictionDetailScreen`.

      90 | describe('PredictionDetailScreen Layout', () => {
      91 |     it('renders the chat card with strict styling', () => {
    > 92 |         const { getByText } = render(<MockNavigation />);
         |                                     ^
      93 |         
      94 |         // Check for simplified title
      95 |         expect(getByText('Start a conversation!')).toBeTruthy();

      at createFiberFromTypeAndProps (node_modules/react-test-renderer/cjs/react-test-renderer.development.js:12185:28)
      at createFiberFromElement (node_modules/react-test-renderer/cjs/react-test-renderer.development.js:12199:14)
      at createChild (node_modules/react-test-renderer/cjs/react-test-renderer.development.js:4475:26)
      at reconcileChildrenArray (node_modules/react-test-renderer/cjs/react-test-renderer.development.js:4805:25)
      at reconcileChildFibersImpl (node_modules/react-test-renderer/cjs/react-test-renderer.development.js:5122:30)
      at node_modules/react-test-renderer/cjs/react-test-renderer.development.js:5227:33
      at reconcileChildren (node_modules/react-test-renderer/cjs/react-test-renderer.development.js:5735:13)
      at beginWork (node_modules/react-test-renderer/cjs/react-test-renderer.development.js:7551:13)
      at runWithFiberInDEV (node_modules/react-test-renderer/cjs/react-test-renderer.development.js:1574:13)
      at performUnitOfWork (node_modules/react-test-renderer/cjs/react-test-renderer.development.js:10972:22)
      at workLoopSync (node_modules/react-test-renderer/cjs/react-test-renderer.development.js:10816:41)
      at renderRootSync (node_modules/react-test-renderer/cjs/react-test-renderer.development.js:10797:11)
      at performWorkOnRoot (node_modules/react-test-renderer/cjs/react-test-renderer.development.js:10384:39)
      at performWorkOnRootViaSchedulerTask (node_modules/react-test-renderer/cjs/react-test-renderer.development.js:2094:7)
      at flushActQueue (node_modules/react/cjs/react.development.js:566:34)
      at Object.<anonymous>.process.env.NODE_ENV.exports.act (node_modules/react/cjs/react.development.js:859:10)
      at actImplementation (node_modules/@testing-library/react-native/src/act.ts:30:25)
      at renderWithAct (node_modules/@testing-library/react-native/src/render-act.ts:13:11)
      at renderInternal (node_modules/@testing-library/react-native/src/render.tsx:69:33)
      at renderInternal (node_modules/@testing-library/react-native/src/render.tsx:44:10)
      at Object.<anonymous> (src/__tests__/PredictionDetail.test.tsx:92:37)

  ● PredictionDetailScreen Layout › renders the split holders view when Holders tab is active

    Element type is invalid: expected a string (for built-in components) or a class/function (for composite components) but got: undefined. You likely forgot to export your component from the file it's defined in, or you might have mixed up default and named imports.

    Check the render method of `PredictionDetailScreen`.

      109 |
      110 |     it('renders the split holders view when Holders tab is active', () => {
    > 111 |         const { getByText, getAllByText } = render(<MockNavigation />);
          |                                                   ^
      112 |         
      113 |         // Find Holders tab
      114 |         const holdersTab = getByText('Holders');

      at createFiberFromTypeAndProps (node_modules/react-test-renderer/cjs/react-test-renderer.development.js:12185:28)
      at createFiberFromElement (node_modules/react-test-renderer/cjs/react-test-renderer.development.js:12199:14)
      at createChild (node_modules/react-test-renderer/cjs/react-test-renderer.development.js:4475:26)
      at reconcileChildrenArray (node_modules/react-test-renderer/cjs/react-test-renderer.development.js:4805:25)
      at reconcileChildFibersImpl (node_modules/react-test-renderer/cjs/react-test-renderer.development.js:5122:30)
      at node_modules/react-test-renderer/cjs/react-test-renderer.development.js:5227:33
      at reconcileChildren (node_modules/react-test-renderer/cjs/react-test-renderer.development.js:5735:13)
      at beginWork (node_modules/react-test-renderer/cjs/react-test-renderer.development.js:7551:13)
      at runWithFiberInDEV (node_modules/react-test-renderer/cjs/react-test-renderer.development.js:1574:13)
      at performUnitOfWork (node_modules/react-test-renderer/cjs/react-test-renderer.development.js:10972:22)
      at workLoopSync (node_modules/react-test-renderer/cjs/react-test-renderer.development.js:10816:41)
      at renderRootSync (node_modules/react-test-renderer/cjs/react-test-renderer.development.js:10797:11)
      at performWorkOnRoot (node_modules/react-test-renderer/cjs/react-test-renderer.development.js:10384:39)
      at performWorkOnRootViaSchedulerTask (node_modules/react-test-renderer/cjs/react-test-renderer.development.js:2094:7)
      at flushActQueue (node_modules/react/cjs/react.development.js:566:34)
      at Object.<anonymous>.process.env.NODE_ENV.exports.act (node_modules/react/cjs/react.development.js:859:10)
      at actImplementation (node_modules/@testing-library/react-native/src/act.ts:30:25)
      at renderWithAct (node_modules/@testing-library/react-native/src/render-act.ts:13:11)
      at renderInternal (node_modules/@testing-library/react-native/src/render.tsx:69:33)
      at renderInternal (node_modules/@testing-library/react-native/src/render.tsx:44:10)
      at Object.<anonymous> (src/__tests__/PredictionDetail.test.tsx:111:51)

  ● PredictionDetailScreen Layout › renders the chat tab with composer

    Element type is invalid: expected a string (for built-in components) or a class/function (for composite components) but got: undefined. You likely forgot to export your component from the file it's defined in, or you might have mixed up default and named imports.

    Check the render method of `PredictionDetailScreen`.

      126 |
      127 |     it('renders the chat tab with composer', () => {
    > 128 |         const { getByText, getByPlaceholderText } = render(<MockNavigation />);
          |                                                           ^
      129 |         
      130 |         // Switch to comments
      131 |         fireEvent.press(getByText('Comments'));

      at createFiberFromTypeAndProps (node_modules/react-test-renderer/cjs/react-test-renderer.development.js:12185:28)
      at createFiberFromElement (node_modules/react-test-renderer/cjs/react-test-renderer.development.js:12199:14)
      at createChild (node_modules/react-test-renderer/cjs/react-test-renderer.development.js:4475:26)
      at reconcileChildrenArray (node_modules/react-test-renderer/cjs/react-test-renderer.development.js:4805:25)
      at reconcileChildFibersImpl (node_modules/react-test-renderer/cjs/react-test-renderer.development.js:5122:30)
      at node_modules/react-test-renderer/cjs/react-test-renderer.development.js:5227:33
      at reconcileChildren (node_modules/react-test-renderer/cjs/react-test-renderer.development.js:5735:13)
      at beginWork (node_modules/react-test-renderer/cjs/react-test-renderer.development.js:7551:13)
      at runWithFiberInDEV (node_modules/react-test-renderer/cjs/react-test-renderer.development.js:1574:13)
      at performUnitOfWork (node_modules/react-test-renderer/cjs/react-test-renderer.development.js:10972:22)
      at workLoopSync (node_modules/react-test-renderer/cjs/react-test-renderer.development.js:10816:41)
      at renderRootSync (node_modules/react-test-renderer/cjs/react-test-renderer.development.js:10797:11)
      at performWorkOnRoot (node_modules/react-test-renderer/cjs/react-test-renderer.development.js:10384:39)
      at performWorkOnRootViaSchedulerTask (node_modules/react-test-renderer/cjs/react-test-renderer.development.js:2094:7)
      at flushActQueue (node_modules/react/cjs/react.development.js:566:34)
      at Object.<anonymous>.process.env.NODE_ENV.exports.act (node_modules/react/cjs/react.development.js:859:10)
      at actImplementation (node_modules/@testing-library/react-native/src/act.ts:30:25)
      at renderWithAct (node_modules/@testing-library/react-native/src/render-act.ts:13:11)
      at renderInternal (node_modules/@testing-library/react-native/src/render.tsx:69:33)
      at renderInternal (node_modules/@testing-library/react-native/src/render.tsx:44:10)
      at Object.<anonymous> (src/__tests__/PredictionDetail.test.tsx:128:59)

Test Suites: 1 failed, 1 total
Tests:       3 failed, 3 total
Snapshots:   0 total
Time:        0.879 s, estimated 1 s
Ran all test suites matching /src\/__tests__\/PredictionDetail.test.tsx/i.
